// Jest Snapshot v1, https://goo.gl/fbAQLP

exports[`AppNavigation component should render correctly 1`] = `
.emotion-0 {
  list-style: none;
  display: -webkit-box;
  display: -webkit-flex;
  display: -ms-flexbox;
  display: flex;
  margin-bottom: 24px;
  padding: 0 16px;
  border-bottom: 1px solid #294885;
}

.emotion-1 {
  display: block;
  padding: 0.2em 0.8em;
  margin-bottom: -1px;
  border: 1px solid transparent;
  border-radius: 5px 5px 0 0;
}

.emotion-1.active {
  border-top: 1px solid #294885;
  border-right: 1px solid #294885;
  border-left: 1px solid #294885;
  background-color: #fff;
}

<nav>
  <div
    class="emotion-0"
  >
    <a
      aria-current="page"
      class="emotion-1 active"
      href="/"
    >
      Popt√°vky
    </a>
    <a
      class="emotion-1"
      href="/projekty"
    >
      Projekty
    </a>
  </div>
</nav>
`;
