// Jest Snapshot v1, https://goo.gl/fbAQLP

exports[`IssuesList component should render correctly 1`] = `
.emotion-0 {
  margin: 12px 0 24px;
}

.emotion-0 img {
  max-width: 100%;
}

.emotion-1 {
  color: #294885;
  margin: 0 0 12px;
  font-family: themix;
}

.emotion-2 {
  color: #999;
  font-weight: normal;
}

<article
  class="emotion-0"
>
  <h3
    class="emotion-1"
  >
    <a
      href="/skaut/skaut-google-drive-gallery/1"
    >
      Add hint to set videos to public
    </a>
     
    <span
      class="emotion-2"
    >
      #
      1
    </span>
  </h3>
  <p>
    When editing and selecting a folder with videos, the editor could display a notice that setting videos to "Anyone can view" will speed them up.
  </p>
  

  <p>
    Depends on #792
  </p>
</article>
`;

exports[`IssuesList component should render correctly without link 1`] = `
.emotion-0 {
  margin: 12px 0 24px;
}

.emotion-0 img {
  max-width: 100%;
}

.emotion-1 {
  color: #294885;
  margin: 0 0 12px;
  font-family: themix;
}

.emotion-2 {
  color: #999;
  font-weight: normal;
}

<article
  class="emotion-0"
>
  <h3
    class="emotion-1"
  >
    <a
      href="/skaut/skaut-google-drive-gallery/1"
    >
      Add hint to set videos to public
    </a>
     
    <span
      class="emotion-2"
    >
      #
      1
    </span>
  </h3>
  <p>
    When editing and selecting a folder with videos, the editor could display a notice that setting videos to "Anyone can view" will speed them up.
  </p>
  

  <p>
    Depends on #792
  </p>
</article>
`;
