// Jest Snapshot v1, https://goo.gl/fbAQLP

exports[`ProjectLinks component should render correctly 1`] = `
.emotion-0 {
  margin: 0 0 16px;
}

.emotion-0 img {
  max-width: 100%;
}

.emotion-1 {
  display: -webkit-box;
  display: -webkit-flex;
  display: -ms-flexbox;
  display: flex;
  -webkit-align-items: center;
  -webkit-box-align: center;
  -ms-flex-align: center;
  align-items: center;
  color: #999;
  font-size: 0.8em;
}

.emotion-1 svg {
  margin-right: 0.2em;
}

.emotion-2 a {
  display: block;
  font-size: 0.9em;
  white-space: nowrap;
  overflow: hidden;
  text-overflow: ellipsis;
}

.emotion-3 {
  display: -webkit-inline-box;
  display: -webkit-inline-flex;
  display: -ms-inline-flexbox;
  display: inline-flex;
  -webkit-align-items: center;
  -webkit-box-align: center;
  -ms-flex-align: center;
  align-items: center;
}

<div
  class="emotion-0"
>
  <span
    class="emotion-1"
  >
    <svg
      fill="currentColor"
      height="1em"
      stroke="currentColor"
      stroke-width="0"
      viewBox="0 0 16 16"
      width="1em"
      xmlns="http://www.w3.org/2000/svg"
    >
      <path
        d="M3 14s-1 0-1-1 1-4 6-4 6 3 6 4-1 1-1 1zm5-6a3 3 0 1 0 0-6 3 3 0 0 0 0 6"
      />
    </svg>
     
    Správce:
  </span>
  <span
    class="emotion-2"
  >
    <a
      class="emotion-3"
      href="mailto:mlha@skaut.cz"
      rel="noreferrer noopener"
      target="_blank"
    >
      Marek Dědič – Mlha
    </a>
  </span>
</div>
`;
