// Vitest Snapshot v1, https://vitest.dev/guide/snapshot.html

exports[`ProjectLinks component > should render correctly 1`] = `
<div
  class="css-eh7qde"
>
  <span
    class="css-1yhrhbp"
  >
    <svg
      fill="currentColor"
      height="1em"
      stroke="currentColor"
      stroke-width="0"
      viewBox="0 0 16 16"
      width="1em"
      xmlns="http://www.w3.org/2000/svg"
    >
      <path
        d="M3 14s-1 0-1-1 1-4 6-4 6 3 6 4-1 1-1 1zm5-6a3 3 0 1 0 0-6 3 3 0 0 0 0 6"
      />
    </svg>
     
    Správce:
  </span>
  <span
    class="css-ttfb9s"
  >
    <a
      class="css-ti9e4i"
      href="mailto:mlha@skaut.cz"
      rel="noreferrer noopener"
      target="_blank"
    >
      Marek Dědič – Mlha
    </a>
  </span>
</div>
`;
