// Vitest Snapshot v1, https://vitest.dev/guide/snapshot.html

exports[`Project component > should render correctly 1`] = `
<article
  class="css-1vye5q3"
>
  <h2
    class="css-ttb6we"
  >
    <a
      href="/skaut/skaut-google-drive-gallery"
    >
      WordPress plugin: Galerie obrázků a videí z Google Disku
    </a>
  </h2>
  <p
    class="css-8e8b4u"
  />
  <div
    class="css-eh7qde"
  >
    <p>
      Galerie obrázků a videí z Google Disku je plugin pro WordPress, který propojí web s Google Diskem. V pluginu se dá vybrat libovolná složku na Google Disku nebo ve Sdíleném disku a plugin z ní vytvoří galerii s obrázky a videi na libovolné stránce či příspěvku na webu. Ze všech složek a podsložek jsou navíc vytvořeny vnořené “podgalerie”. Plugin vzniknul primárně pro potřeby Junáka, oddílů a středisek, ale vyvíjíme ho tzv. Open-Source (otevřeně pro veřejnost) a nabízíme ho v oficiální databázi pluginů pro WordPress. V tuto chvíli (léto 2021) podle statistik WordPressu plugin běží na víc jak 4 000 webových stránek a z kontaktů s uživateli víme, že ho využívají jak oddíly a střediska v Junáku, tak i "náhodná veřejnost" - zvlášť oblíbený se zdá být u skautů z celého světa a profesionálních fotografů, prezentujících svoje fotky.
    </p>
  </div>
  <span
    class="css-13stjo4"
  >
    wordpress
  </span>
  <span
    class="css-jbr3xn"
  >
    php
  </span>
  <span
    class="css-d3t46l"
  >
    javascript
  </span>
  <span
    class="css-1n2mvc3"
  >
    google
  </span>
</article>
`;
