// Vitest Snapshot v1, https://vitest.dev/guide/snapshot.html

exports[`should get project 1`] = `
{
  "info": {
    "description": "Galerie obrázků a videí z Google Disku je plugin pro WordPress, který propojí web s Google Diskem. V pluginu se dá vybrat libovolná složku na Google Disku nebo ve Sdíleném disku a plugin z ní vytvoří galerii s obrázky a videi na libovolné stránce či příspěvku na webu. Ze všech složek a podsložek jsou navíc vytvořeny vnořené “podgalerie”. Plugin vzniknul primárně pro potřeby Junáka, oddílů a středisek, ale vyvíjíme ho tzv. Open-Source (otevřeně pro veřejnost) a nabízíme ho v oficiální databázi pluginů pro WordPress. V tuto chvíli (léto 2021) podle statistik WordPressu plugin běží na víc jak 4 000 webových stránek a z kontaktů s uživateli víme, že ho využívají jak oddíly a střediska v Junáku, tak i "náhodná veřejnost" - zvlášť oblíbený se zdá být u skautů z celého světa a profesionálních fotografů, prezentujících svoje fotky.",
    "links": [
      {
        "type": "email",
        "uri": "mailto:mlha@skaut.cz",
      },
      {
        "type": "homepage",
        "uri": "https://wordpress.org/plugins/skaut-google-drive-gallery/",
      },
      {
        "type": "demo",
        "uri": "https://demo-skaut-google-drive-gallery.skauting.cz/",
      },
      {
        "type": "issue-tracker",
        "uri": "https://github.com/skaut/skaut-google-drive-gallery/issues",
      },
      {
        "type": "docs",
        "uri": "https://napoveda.skaut.cz/dobryweb/cs-skaut-google-drive-gallery",
      },
      {
        "name": "skaut/skaut-google-drive-gallery",
        "type": "github-repo",
        "uri": "https://github.com/skaut/skaut-google-drive-gallery",
      },
    ],
    "maintainers": [
      {
        "email": "mlha@skaut.cz",
        "name": "Marek Dědič – Mlha",
      },
    ],
    "name": "WordPress plugin: Galerie obrázků a videí z Google Disku",
    "short-description": "Plugin pro WordPress, který ze složek s fotkami na Google Disku dělá galerie na webu.",
    "tags": [
      "wordpress",
      "php",
      "javascript",
      "google",
    ],
  },
  "issues": [
    {
      "description": "When editing and selecting a folder with videos, the editor could display a notice that setting videos to "Anyone can view" will speed them up.

Depends on #792",
      "link": "https://github.com/skaut/skaut-google-drive-gallery/issues/873",
      "number": 1,
      "title": "Add hint to set videos to public",
    },
    {
      "description": "When in a situation that there is a Google Drive shortcut somewhere in the gallery, the plugin displays the folder and it works for browsing. However, when looking at the shortcut as a member of its parent directory and when being inside the directory and looking at its name in the breadcrumbs, one uses the shortcut name, whereas the other uses the original folder name (when they differ).

This is a bug and both should show the shortcut name.",
      "link": "https://github.com/skaut/skaut-google-drive-gallery/issues/745",
      "number": 2,
      "title": "If a shortcut name differs from the original, the name in gallery and breadcrumbs differs",
    },
    {
      "description": "When opening the editor which contains a gallery that is made from a folder that has been renamed or deleted, the editor breaks. It shows: \`Directory &quot;Galerie ODYWEB&quot; wasn&#039;t found - it may have been deleted or renamed.\` Instead, it should verify that the path is valid and if it's not, should display a warning (and possibly move you to either the root directory, or the closest valid ancestor - however, this should not lead to you accidentally changing the gallery!)

Last tested on 36dc1a10a353ba5bf2b98f33b49b1135a36ae3d3",
      "link": "https://github.com/skaut/skaut-google-drive-gallery/issues/683",
      "number": 3,
      "title": "Editing doesn't check path validity",
    },
    {
      "description": "Ctrl+click on a gallery item (subfolder) or breadcrumbs should open in a new tab",
      "link": "https://github.com/skaut/skaut-google-drive-gallery/issues/571",
      "number": 4,
      "title": "Ctrl-click on folders does not work",
    },
    {
      "description": "https://wordpress.org/support/topic/folder-link-instead-of-folder-name/

Basically, instead of searching for the folder in WP, you'd just paste the link to it into the editor and the plugin would figure out the path (Google Drive files now return a list of parents, so it could be done.)

Depends on #111.",
      "link": "https://github.com/skaut/skaut-google-drive-gallery/issues/311",
      "number": 5,
      "title": "Add option to specify gallery by a Drive link",
    },
    {
      "description": "Currently, images aren't listed in the editor - both block and TinyMCE plugin. This often confuses users.",
      "link": "https://github.com/skaut/skaut-google-drive-gallery/issues/257",
      "number": 6,
      "title": "Add images to the block",
    },
    {
      "description": "In the image grid, we should add an overlay to signify that an item is a video (for example a big play icon).",
      "link": "https://github.com/skaut/skaut-google-drive-gallery/issues/235",
      "number": 7,
      "title": "Add video overlay",
    },
    {
      "description": "https://codecov.io/gh/skaut/skaut-google-drive-gallery",
      "link": "https://github.com/skaut/skaut-google-drive-gallery/issues/164",
      "number": 8,
      "title": "Increase test coverage",
    },
    {
      "description": "If the active theme contains
\`\`\`php
add_theme_support( 'editor-styles' );
\`\`\`
its styles are also applied to the block editor, which then looks weird. We should implement our own styles for the editor.

Example of such theme is the Twenty Seventeen theme.",
      "link": "https://github.com/skaut/skaut-google-drive-gallery/issues/98",
      "number": 9,
      "title": "Themes with "editor-styles" support change the look of the block editor",
    },
    {
      "description": "https://napoveda.skaut.cz/dobryweb/en-skaut-google-drive-gallery/en-get-google-application
https://napoveda.skaut.cz/dobryweb/cs-skaut-google-drive-gallery/cs-ziskani-google-aplikace

Google changed the consent screen layout and require some form of verification.",
      "link": "https://github.com/skaut/skaut-google-drive-gallery/issues/92",
      "number": 10,
      "title": "Google app creation manual is outdated",
    },
    {
      "description": "Currently, the first image in a directory is used for its preview.",
      "link": "https://github.com/skaut/skaut-google-drive-gallery/issues/54",
      "number": 11,
      "title": "Directory preview images",
    },
    {
      "description": "Go over the design of:
- [ ] gallery view https://github.com/skaut/skaut-google-drive-gallery/issues/36
- [ ] preview
- [ ] folder thumbnail - overlay, folder title and image count
- [ ] svg folder icon
- [ ] gallery breadcrumbs
- [ ] options page
- [ ] WP.org plugin page
- [ ] TinyMCE & Gutenberg editor plugins
- [ ] TinyMCE & Gutenberg "Authentication failed" dialogs

Everything on the frontend needs to work at least with the default WP template and DSW templates.",
      "link": "https://github.com/skaut/skaut-google-drive-gallery/issues/33",
      "number": 12,
      "title": "UX & design audit",
    },
  ],
  "owner": "skaut",
  "repo": "skaut-google-drive-gallery",
}
`;
