// Jest Snapshot v1, https://goo.gl/fbAQLP

exports[`IssuesList page should renders correctly 1`] = `
Array [
  .emotion-0 {
  margin: 0 0 16px;
  padding-bottom: 24px;
  border-bottom: 1px solid #29488510;
  max-width: 600px;
}

.emotion-1 {
  color: #294885;
  margin: 0 0 12px;
  font-family: themix;
}

.emotion-2 {
  margin: 0 0 0.6em;
}

.emotion-2 * {
  font-size: 0.8rem;
}

.emotion-3 {
  margin: 0 0 16px;
}

.emotion-4 {
  background-color: #894cc033;
  color: #444;
  font-family: themix;
  font-size: 0.8rem;
  padding: 0.2rem 0.4rem;
  border-radius: 4px;
  margin-right: 4px;
}

.emotion-5 {
  background-color: #6d52b833;
  color: #444;
  font-family: themix;
  font-size: 0.8rem;
  padding: 0.2rem 0.4rem;
  border-radius: 4px;
  margin-right: 4px;
}

.emotion-6 {
  background-color: #8b843b33;
  color: #444;
  font-family: themix;
  font-size: 0.8rem;
  padding: 0.2rem 0.4rem;
  border-radius: 4px;
  margin-right: 4px;
}

.emotion-7 {
  background-color: #d293ff33;
  color: #444;
  font-family: themix;
  font-size: 0.8rem;
  padding: 0.2rem 0.4rem;
  border-radius: 4px;
  margin-right: 4px;
}

<article
    className="emotion-0"
  >
    <h2
      className="emotion-1"
    >
      <a
        href="/skaut/skaut-google-drive-gallery/1"
        onClick={[Function]}
      >
        Add hint to set videos to public
      </a>
    </h2>
    <p
      className="emotion-2"
    >
      <a
        href="/skaut/skaut-google-drive-gallery"
        onClick={[Function]}
        title="Plugin pro WordPress, který ze složek s fotkami na Google Disku dělá galerie na webu."
      >
        WordPress plugin: Galerie obrázků a videí z Google Disku
      </a>
    </p>
    <p
      className="emotion-3"
    >
      When editing and selecting a folder with videos, the editor could display a notice that setting videos to "Anyone can view" will speed them up.

Depends on #792
    </p>
    <span
      className="emotion-4"
    >
      wordpress
    </span>
    <span
      className="emotion-5"
    >
      php
    </span>
    <span
      className="emotion-6"
    >
      javascript
    </span>
    <span
      className="emotion-7"
    >
      google
    </span>
  </article>,
  .emotion-0 {
  margin: 0 0 16px;
  padding-bottom: 24px;
  border-bottom: 1px solid #29488510;
  max-width: 600px;
}

.emotion-1 {
  color: #294885;
  margin: 0 0 12px;
  font-family: themix;
}

.emotion-2 {
  margin: 0 0 0.6em;
}

.emotion-2 * {
  font-size: 0.8rem;
}

.emotion-3 {
  margin: 0 0 16px;
}

.emotion-4 {
  background-color: #894cc033;
  color: #444;
  font-family: themix;
  font-size: 0.8rem;
  padding: 0.2rem 0.4rem;
  border-radius: 4px;
  margin-right: 4px;
}

.emotion-5 {
  background-color: #6d52b833;
  color: #444;
  font-family: themix;
  font-size: 0.8rem;
  padding: 0.2rem 0.4rem;
  border-radius: 4px;
  margin-right: 4px;
}

.emotion-6 {
  background-color: #8b843b33;
  color: #444;
  font-family: themix;
  font-size: 0.8rem;
  padding: 0.2rem 0.4rem;
  border-radius: 4px;
  margin-right: 4px;
}

.emotion-7 {
  background-color: #d293ff33;
  color: #444;
  font-family: themix;
  font-size: 0.8rem;
  padding: 0.2rem 0.4rem;
  border-radius: 4px;
  margin-right: 4px;
}

<article
    className="emotion-0"
  >
    <h2
      className="emotion-1"
    >
      <a
        href="/skaut/skaut-google-drive-gallery/2"
        onClick={[Function]}
      >
        If a shortcut name differs from the original, the name in gallery and breadcrumbs differs
      </a>
    </h2>
    <p
      className="emotion-2"
    >
      <a
        href="/skaut/skaut-google-drive-gallery"
        onClick={[Function]}
        title="Plugin pro WordPress, který ze složek s fotkami na Google Disku dělá galerie na webu."
      >
        WordPress plugin: Galerie obrázků a videí z Google Disku
      </a>
    </p>
    <p
      className="emotion-3"
    >
      When in a situation that there is a Google Drive shortcut somewhere in the gallery, the plugin displays the folder and it works for browsing. However, when looking at the shortcut as a member of its parent directory and when being inside the directory and looking at its name in the breadcrumbs, one uses the shortcut name, whereas the other uses the original folder name (when they differ).

This is a bug and both should show the shortcut name.
    </p>
    <span
      className="emotion-4"
    >
      wordpress
    </span>
    <span
      className="emotion-5"
    >
      php
    </span>
    <span
      className="emotion-6"
    >
      javascript
    </span>
    <span
      className="emotion-7"
    >
      google
    </span>
  </article>,
  .emotion-0 {
  margin: 0 0 16px;
  padding-bottom: 24px;
  border-bottom: 1px solid #29488510;
  max-width: 600px;
}

.emotion-1 {
  color: #294885;
  margin: 0 0 12px;
  font-family: themix;
}

.emotion-2 {
  margin: 0 0 0.6em;
}

.emotion-2 * {
  font-size: 0.8rem;
}

.emotion-3 {
  margin: 0 0 16px;
}

.emotion-4 {
  background-color: #894cc033;
  color: #444;
  font-family: themix;
  font-size: 0.8rem;
  padding: 0.2rem 0.4rem;
  border-radius: 4px;
  margin-right: 4px;
}

.emotion-5 {
  background-color: #6d52b833;
  color: #444;
  font-family: themix;
  font-size: 0.8rem;
  padding: 0.2rem 0.4rem;
  border-radius: 4px;
  margin-right: 4px;
}

.emotion-6 {
  background-color: #8b843b33;
  color: #444;
  font-family: themix;
  font-size: 0.8rem;
  padding: 0.2rem 0.4rem;
  border-radius: 4px;
  margin-right: 4px;
}

.emotion-7 {
  background-color: #d293ff33;
  color: #444;
  font-family: themix;
  font-size: 0.8rem;
  padding: 0.2rem 0.4rem;
  border-radius: 4px;
  margin-right: 4px;
}

<article
    className="emotion-0"
  >
    <h2
      className="emotion-1"
    >
      <a
        href="/skaut/skaut-google-drive-gallery/3"
        onClick={[Function]}
      >
        Editing doesn't check path validity
      </a>
    </h2>
    <p
      className="emotion-2"
    >
      <a
        href="/skaut/skaut-google-drive-gallery"
        onClick={[Function]}
        title="Plugin pro WordPress, který ze složek s fotkami na Google Disku dělá galerie na webu."
      >
        WordPress plugin: Galerie obrázků a videí z Google Disku
      </a>
    </p>
    <p
      className="emotion-3"
    >
      When opening the editor which contains a gallery that is made from a folder that has been renamed or deleted, the editor breaks. It shows: \`Directory &quot;Galerie ODYWEB&quot; wasn&#039;t found - it may have been deleted or renamed.\` Instead, it should verify that the path is valid and if it's not, should display a warning (and possibly move you to either the root directory, or the closest valid ancestor - however, this should not lead to you accidentally changing the gallery!)

Last tested on 36dc1a10a353ba5bf2b98f33b49b1135a36ae3d3
    </p>
    <span
      className="emotion-4"
    >
      wordpress
    </span>
    <span
      className="emotion-5"
    >
      php
    </span>
    <span
      className="emotion-6"
    >
      javascript
    </span>
    <span
      className="emotion-7"
    >
      google
    </span>
  </article>,
  .emotion-0 {
  margin: 0 0 16px;
  padding-bottom: 24px;
  border-bottom: 1px solid #29488510;
  max-width: 600px;
}

.emotion-1 {
  color: #294885;
  margin: 0 0 12px;
  font-family: themix;
}

.emotion-2 {
  margin: 0 0 0.6em;
}

.emotion-2 * {
  font-size: 0.8rem;
}

.emotion-3 {
  margin: 0 0 16px;
}

.emotion-4 {
  background-color: #894cc033;
  color: #444;
  font-family: themix;
  font-size: 0.8rem;
  padding: 0.2rem 0.4rem;
  border-radius: 4px;
  margin-right: 4px;
}

.emotion-5 {
  background-color: #6d52b833;
  color: #444;
  font-family: themix;
  font-size: 0.8rem;
  padding: 0.2rem 0.4rem;
  border-radius: 4px;
  margin-right: 4px;
}

.emotion-6 {
  background-color: #8b843b33;
  color: #444;
  font-family: themix;
  font-size: 0.8rem;
  padding: 0.2rem 0.4rem;
  border-radius: 4px;
  margin-right: 4px;
}

.emotion-7 {
  background-color: #d293ff33;
  color: #444;
  font-family: themix;
  font-size: 0.8rem;
  padding: 0.2rem 0.4rem;
  border-radius: 4px;
  margin-right: 4px;
}

<article
    className="emotion-0"
  >
    <h2
      className="emotion-1"
    >
      <a
        href="/skaut/skaut-google-drive-gallery/4"
        onClick={[Function]}
      >
        Ctrl-click on folders does not work
      </a>
    </h2>
    <p
      className="emotion-2"
    >
      <a
        href="/skaut/skaut-google-drive-gallery"
        onClick={[Function]}
        title="Plugin pro WordPress, který ze složek s fotkami na Google Disku dělá galerie na webu."
      >
        WordPress plugin: Galerie obrázků a videí z Google Disku
      </a>
    </p>
    <p
      className="emotion-3"
    >
      Ctrl+click on a gallery item (subfolder) or breadcrumbs should open in a new tab
    </p>
    <span
      className="emotion-4"
    >
      wordpress
    </span>
    <span
      className="emotion-5"
    >
      php
    </span>
    <span
      className="emotion-6"
    >
      javascript
    </span>
    <span
      className="emotion-7"
    >
      google
    </span>
  </article>,
  .emotion-0 {
  margin: 0 0 16px;
  padding-bottom: 24px;
  border-bottom: 1px solid #29488510;
  max-width: 600px;
}

.emotion-1 {
  color: #294885;
  margin: 0 0 12px;
  font-family: themix;
}

.emotion-2 {
  margin: 0 0 0.6em;
}

.emotion-2 * {
  font-size: 0.8rem;
}

.emotion-3 {
  margin: 0 0 16px;
}

.emotion-4 {
  background-color: #894cc033;
  color: #444;
  font-family: themix;
  font-size: 0.8rem;
  padding: 0.2rem 0.4rem;
  border-radius: 4px;
  margin-right: 4px;
}

.emotion-5 {
  background-color: #6d52b833;
  color: #444;
  font-family: themix;
  font-size: 0.8rem;
  padding: 0.2rem 0.4rem;
  border-radius: 4px;
  margin-right: 4px;
}

.emotion-6 {
  background-color: #8b843b33;
  color: #444;
  font-family: themix;
  font-size: 0.8rem;
  padding: 0.2rem 0.4rem;
  border-radius: 4px;
  margin-right: 4px;
}

.emotion-7 {
  background-color: #d293ff33;
  color: #444;
  font-family: themix;
  font-size: 0.8rem;
  padding: 0.2rem 0.4rem;
  border-radius: 4px;
  margin-right: 4px;
}

<article
    className="emotion-0"
  >
    <h2
      className="emotion-1"
    >
      <a
        href="/skaut/skaut-google-drive-gallery/5"
        onClick={[Function]}
      >
        Add option to specify gallery by a Drive link
      </a>
    </h2>
    <p
      className="emotion-2"
    >
      <a
        href="/skaut/skaut-google-drive-gallery"
        onClick={[Function]}
        title="Plugin pro WordPress, který ze složek s fotkami na Google Disku dělá galerie na webu."
      >
        WordPress plugin: Galerie obrázků a videí z Google Disku
      </a>
    </p>
    <p
      className="emotion-3"
    >
      https://wordpress.org/support/topic/folder-link-instead-of-folder-name/

Basically, instead of searching for the folder in WP, you'd just paste the link to it into the editor and the plugin would figure out the path (Google Drive files now return a list of parents, so it could be done.)

Depends on #111.
    </p>
    <span
      className="emotion-4"
    >
      wordpress
    </span>
    <span
      className="emotion-5"
    >
      php
    </span>
    <span
      className="emotion-6"
    >
      javascript
    </span>
    <span
      className="emotion-7"
    >
      google
    </span>
  </article>,
  .emotion-0 {
  margin: 0 0 16px;
  padding-bottom: 24px;
  border-bottom: 1px solid #29488510;
  max-width: 600px;
}

.emotion-1 {
  color: #294885;
  margin: 0 0 12px;
  font-family: themix;
}

.emotion-2 {
  margin: 0 0 0.6em;
}

.emotion-2 * {
  font-size: 0.8rem;
}

.emotion-3 {
  margin: 0 0 16px;
}

.emotion-4 {
  background-color: #894cc033;
  color: #444;
  font-family: themix;
  font-size: 0.8rem;
  padding: 0.2rem 0.4rem;
  border-radius: 4px;
  margin-right: 4px;
}

.emotion-5 {
  background-color: #6d52b833;
  color: #444;
  font-family: themix;
  font-size: 0.8rem;
  padding: 0.2rem 0.4rem;
  border-radius: 4px;
  margin-right: 4px;
}

.emotion-6 {
  background-color: #8b843b33;
  color: #444;
  font-family: themix;
  font-size: 0.8rem;
  padding: 0.2rem 0.4rem;
  border-radius: 4px;
  margin-right: 4px;
}

.emotion-7 {
  background-color: #d293ff33;
  color: #444;
  font-family: themix;
  font-size: 0.8rem;
  padding: 0.2rem 0.4rem;
  border-radius: 4px;
  margin-right: 4px;
}

<article
    className="emotion-0"
  >
    <h2
      className="emotion-1"
    >
      <a
        href="/skaut/skaut-google-drive-gallery/6"
        onClick={[Function]}
      >
        Add images to the block
      </a>
    </h2>
    <p
      className="emotion-2"
    >
      <a
        href="/skaut/skaut-google-drive-gallery"
        onClick={[Function]}
        title="Plugin pro WordPress, který ze složek s fotkami na Google Disku dělá galerie na webu."
      >
        WordPress plugin: Galerie obrázků a videí z Google Disku
      </a>
    </p>
    <p
      className="emotion-3"
    >
      Currently, images aren't listed in the editor - both block and TinyMCE plugin. This often confuses users.
    </p>
    <span
      className="emotion-4"
    >
      wordpress
    </span>
    <span
      className="emotion-5"
    >
      php
    </span>
    <span
      className="emotion-6"
    >
      javascript
    </span>
    <span
      className="emotion-7"
    >
      google
    </span>
  </article>,
  .emotion-0 {
  margin: 0 0 16px;
  padding-bottom: 24px;
  border-bottom: 1px solid #29488510;
  max-width: 600px;
}

.emotion-1 {
  color: #294885;
  margin: 0 0 12px;
  font-family: themix;
}

.emotion-2 {
  margin: 0 0 0.6em;
}

.emotion-2 * {
  font-size: 0.8rem;
}

.emotion-3 {
  margin: 0 0 16px;
}

.emotion-4 {
  background-color: #894cc033;
  color: #444;
  font-family: themix;
  font-size: 0.8rem;
  padding: 0.2rem 0.4rem;
  border-radius: 4px;
  margin-right: 4px;
}

.emotion-5 {
  background-color: #6d52b833;
  color: #444;
  font-family: themix;
  font-size: 0.8rem;
  padding: 0.2rem 0.4rem;
  border-radius: 4px;
  margin-right: 4px;
}

.emotion-6 {
  background-color: #8b843b33;
  color: #444;
  font-family: themix;
  font-size: 0.8rem;
  padding: 0.2rem 0.4rem;
  border-radius: 4px;
  margin-right: 4px;
}

.emotion-7 {
  background-color: #d293ff33;
  color: #444;
  font-family: themix;
  font-size: 0.8rem;
  padding: 0.2rem 0.4rem;
  border-radius: 4px;
  margin-right: 4px;
}

<article
    className="emotion-0"
  >
    <h2
      className="emotion-1"
    >
      <a
        href="/skaut/skaut-google-drive-gallery/7"
        onClick={[Function]}
      >
        Add video overlay
      </a>
    </h2>
    <p
      className="emotion-2"
    >
      <a
        href="/skaut/skaut-google-drive-gallery"
        onClick={[Function]}
        title="Plugin pro WordPress, který ze složek s fotkami na Google Disku dělá galerie na webu."
      >
        WordPress plugin: Galerie obrázků a videí z Google Disku
      </a>
    </p>
    <p
      className="emotion-3"
    >
      In the image grid, we should add an overlay to signify that an item is a video (for example a big play icon).
    </p>
    <span
      className="emotion-4"
    >
      wordpress
    </span>
    <span
      className="emotion-5"
    >
      php
    </span>
    <span
      className="emotion-6"
    >
      javascript
    </span>
    <span
      className="emotion-7"
    >
      google
    </span>
  </article>,
  .emotion-0 {
  margin: 0 0 16px;
  padding-bottom: 24px;
  border-bottom: 1px solid #29488510;
  max-width: 600px;
}

.emotion-1 {
  color: #294885;
  margin: 0 0 12px;
  font-family: themix;
}

.emotion-2 {
  margin: 0 0 0.6em;
}

.emotion-2 * {
  font-size: 0.8rem;
}

.emotion-3 {
  margin: 0 0 16px;
}

.emotion-4 {
  background-color: #894cc033;
  color: #444;
  font-family: themix;
  font-size: 0.8rem;
  padding: 0.2rem 0.4rem;
  border-radius: 4px;
  margin-right: 4px;
}

.emotion-5 {
  background-color: #6d52b833;
  color: #444;
  font-family: themix;
  font-size: 0.8rem;
  padding: 0.2rem 0.4rem;
  border-radius: 4px;
  margin-right: 4px;
}

.emotion-6 {
  background-color: #8b843b33;
  color: #444;
  font-family: themix;
  font-size: 0.8rem;
  padding: 0.2rem 0.4rem;
  border-radius: 4px;
  margin-right: 4px;
}

.emotion-7 {
  background-color: #d293ff33;
  color: #444;
  font-family: themix;
  font-size: 0.8rem;
  padding: 0.2rem 0.4rem;
  border-radius: 4px;
  margin-right: 4px;
}

<article
    className="emotion-0"
  >
    <h2
      className="emotion-1"
    >
      <a
        href="/skaut/skaut-google-drive-gallery/8"
        onClick={[Function]}
      >
        Increase test coverage
      </a>
    </h2>
    <p
      className="emotion-2"
    >
      <a
        href="/skaut/skaut-google-drive-gallery"
        onClick={[Function]}
        title="Plugin pro WordPress, který ze složek s fotkami na Google Disku dělá galerie na webu."
      >
        WordPress plugin: Galerie obrázků a videí z Google Disku
      </a>
    </p>
    <p
      className="emotion-3"
    >
      https://codecov.io/gh/skaut/skaut-google-drive-gallery
    </p>
    <span
      className="emotion-4"
    >
      wordpress
    </span>
    <span
      className="emotion-5"
    >
      php
    </span>
    <span
      className="emotion-6"
    >
      javascript
    </span>
    <span
      className="emotion-7"
    >
      google
    </span>
  </article>,
  .emotion-0 {
  margin: 0 0 16px;
  padding-bottom: 24px;
  border-bottom: 1px solid #29488510;
  max-width: 600px;
}

.emotion-1 {
  color: #294885;
  margin: 0 0 12px;
  font-family: themix;
}

.emotion-2 {
  margin: 0 0 0.6em;
}

.emotion-2 * {
  font-size: 0.8rem;
}

.emotion-3 {
  margin: 0 0 16px;
}

.emotion-4 {
  background-color: #894cc033;
  color: #444;
  font-family: themix;
  font-size: 0.8rem;
  padding: 0.2rem 0.4rem;
  border-radius: 4px;
  margin-right: 4px;
}

.emotion-5 {
  background-color: #6d52b833;
  color: #444;
  font-family: themix;
  font-size: 0.8rem;
  padding: 0.2rem 0.4rem;
  border-radius: 4px;
  margin-right: 4px;
}

.emotion-6 {
  background-color: #8b843b33;
  color: #444;
  font-family: themix;
  font-size: 0.8rem;
  padding: 0.2rem 0.4rem;
  border-radius: 4px;
  margin-right: 4px;
}

.emotion-7 {
  background-color: #d293ff33;
  color: #444;
  font-family: themix;
  font-size: 0.8rem;
  padding: 0.2rem 0.4rem;
  border-radius: 4px;
  margin-right: 4px;
}

<article
    className="emotion-0"
  >
    <h2
      className="emotion-1"
    >
      <a
        href="/skaut/skaut-google-drive-gallery/9"
        onClick={[Function]}
      >
        Themes with "editor-styles" support change the look of the block editor
      </a>
    </h2>
    <p
      className="emotion-2"
    >
      <a
        href="/skaut/skaut-google-drive-gallery"
        onClick={[Function]}
        title="Plugin pro WordPress, který ze složek s fotkami na Google Disku dělá galerie na webu."
      >
        WordPress plugin: Galerie obrázků a videí z Google Disku
      </a>
    </p>
    <p
      className="emotion-3"
    >
      If the active theme contains
\`\`\`php
add_theme_support( 'editor-styles' );
\`\`\`
its styles are also applied to the block editor, which then looks weird. We should implement our own styles for the editor.

Example of such theme is the Twenty Seventeen theme.
    </p>
    <span
      className="emotion-4"
    >
      wordpress
    </span>
    <span
      className="emotion-5"
    >
      php
    </span>
    <span
      className="emotion-6"
    >
      javascript
    </span>
    <span
      className="emotion-7"
    >
      google
    </span>
  </article>,
  .emotion-0 {
  margin: 0 0 16px;
  padding-bottom: 24px;
  border-bottom: 1px solid #29488510;
  max-width: 600px;
}

.emotion-1 {
  color: #294885;
  margin: 0 0 12px;
  font-family: themix;
}

.emotion-2 {
  margin: 0 0 0.6em;
}

.emotion-2 * {
  font-size: 0.8rem;
}

.emotion-3 {
  margin: 0 0 16px;
}

.emotion-4 {
  background-color: #894cc033;
  color: #444;
  font-family: themix;
  font-size: 0.8rem;
  padding: 0.2rem 0.4rem;
  border-radius: 4px;
  margin-right: 4px;
}

.emotion-5 {
  background-color: #6d52b833;
  color: #444;
  font-family: themix;
  font-size: 0.8rem;
  padding: 0.2rem 0.4rem;
  border-radius: 4px;
  margin-right: 4px;
}

.emotion-6 {
  background-color: #8b843b33;
  color: #444;
  font-family: themix;
  font-size: 0.8rem;
  padding: 0.2rem 0.4rem;
  border-radius: 4px;
  margin-right: 4px;
}

.emotion-7 {
  background-color: #d293ff33;
  color: #444;
  font-family: themix;
  font-size: 0.8rem;
  padding: 0.2rem 0.4rem;
  border-radius: 4px;
  margin-right: 4px;
}

<article
    className="emotion-0"
  >
    <h2
      className="emotion-1"
    >
      <a
        href="/skaut/skaut-google-drive-gallery/10"
        onClick={[Function]}
      >
        Google app creation manual is outdated
      </a>
    </h2>
    <p
      className="emotion-2"
    >
      <a
        href="/skaut/skaut-google-drive-gallery"
        onClick={[Function]}
        title="Plugin pro WordPress, který ze složek s fotkami na Google Disku dělá galerie na webu."
      >
        WordPress plugin: Galerie obrázků a videí z Google Disku
      </a>
    </p>
    <p
      className="emotion-3"
    >
      https://napoveda.skaut.cz/dobryweb/en-skaut-google-drive-gallery/en-get-google-application
https://napoveda.skaut.cz/dobryweb/cs-skaut-google-drive-gallery/cs-ziskani-google-aplikace

Google changed the consent screen layout and require some form of verification.
    </p>
    <span
      className="emotion-4"
    >
      wordpress
    </span>
    <span
      className="emotion-5"
    >
      php
    </span>
    <span
      className="emotion-6"
    >
      javascript
    </span>
    <span
      className="emotion-7"
    >
      google
    </span>
  </article>,
  .emotion-0 {
  margin: 0 0 16px;
  padding-bottom: 24px;
  border-bottom: 1px solid #29488510;
  max-width: 600px;
}

.emotion-1 {
  color: #294885;
  margin: 0 0 12px;
  font-family: themix;
}

.emotion-2 {
  margin: 0 0 0.6em;
}

.emotion-2 * {
  font-size: 0.8rem;
}

.emotion-3 {
  margin: 0 0 16px;
}

.emotion-4 {
  background-color: #894cc033;
  color: #444;
  font-family: themix;
  font-size: 0.8rem;
  padding: 0.2rem 0.4rem;
  border-radius: 4px;
  margin-right: 4px;
}

.emotion-5 {
  background-color: #6d52b833;
  color: #444;
  font-family: themix;
  font-size: 0.8rem;
  padding: 0.2rem 0.4rem;
  border-radius: 4px;
  margin-right: 4px;
}

.emotion-6 {
  background-color: #8b843b33;
  color: #444;
  font-family: themix;
  font-size: 0.8rem;
  padding: 0.2rem 0.4rem;
  border-radius: 4px;
  margin-right: 4px;
}

.emotion-7 {
  background-color: #d293ff33;
  color: #444;
  font-family: themix;
  font-size: 0.8rem;
  padding: 0.2rem 0.4rem;
  border-radius: 4px;
  margin-right: 4px;
}

<article
    className="emotion-0"
  >
    <h2
      className="emotion-1"
    >
      <a
        href="/skaut/skaut-google-drive-gallery/11"
        onClick={[Function]}
      >
        Directory preview images
      </a>
    </h2>
    <p
      className="emotion-2"
    >
      <a
        href="/skaut/skaut-google-drive-gallery"
        onClick={[Function]}
        title="Plugin pro WordPress, který ze složek s fotkami na Google Disku dělá galerie na webu."
      >
        WordPress plugin: Galerie obrázků a videí z Google Disku
      </a>
    </p>
    <p
      className="emotion-3"
    >
      Currently, the first image in a directory is used for its preview.
    </p>
    <span
      className="emotion-4"
    >
      wordpress
    </span>
    <span
      className="emotion-5"
    >
      php
    </span>
    <span
      className="emotion-6"
    >
      javascript
    </span>
    <span
      className="emotion-7"
    >
      google
    </span>
  </article>,
  .emotion-0 {
  margin: 0 0 16px;
  padding-bottom: 24px;
  border-bottom: 1px solid #29488510;
  max-width: 600px;
}

.emotion-1 {
  color: #294885;
  margin: 0 0 12px;
  font-family: themix;
}

.emotion-2 {
  margin: 0 0 0.6em;
}

.emotion-2 * {
  font-size: 0.8rem;
}

.emotion-3 {
  margin: 0 0 16px;
}

.emotion-4 {
  background-color: #894cc033;
  color: #444;
  font-family: themix;
  font-size: 0.8rem;
  padding: 0.2rem 0.4rem;
  border-radius: 4px;
  margin-right: 4px;
}

.emotion-5 {
  background-color: #6d52b833;
  color: #444;
  font-family: themix;
  font-size: 0.8rem;
  padding: 0.2rem 0.4rem;
  border-radius: 4px;
  margin-right: 4px;
}

.emotion-6 {
  background-color: #8b843b33;
  color: #444;
  font-family: themix;
  font-size: 0.8rem;
  padding: 0.2rem 0.4rem;
  border-radius: 4px;
  margin-right: 4px;
}

.emotion-7 {
  background-color: #d293ff33;
  color: #444;
  font-family: themix;
  font-size: 0.8rem;
  padding: 0.2rem 0.4rem;
  border-radius: 4px;
  margin-right: 4px;
}

<article
    className="emotion-0"
  >
    <h2
      className="emotion-1"
    >
      <a
        href="/skaut/skaut-google-drive-gallery/12"
        onClick={[Function]}
      >
        UX & design audit
      </a>
    </h2>
    <p
      className="emotion-2"
    >
      <a
        href="/skaut/skaut-google-drive-gallery"
        onClick={[Function]}
        title="Plugin pro WordPress, který ze složek s fotkami na Google Disku dělá galerie na webu."
      >
        WordPress plugin: Galerie obrázků a videí z Google Disku
      </a>
    </p>
    <p
      className="emotion-3"
    >
      Go over the design of:
- [ ] gallery view https://github.com/skaut/skaut-google-drive-gallery/issues/36
- [ ] preview
- [ ] folder thumbnail - overlay, folder title and image count
- [ ] svg folder icon
- [ ] gallery breadcrumbs
- [ ] options page
- [ ] WP.org plugin page
- [ ] TinyMCE & Gutenberg editor plugins
- [ ] TinyMCE & Gutenberg "Authentication failed" dialogs

Everything on the frontend needs to work at least with the default WP template and DSW templates.
    </p>
    <span
      className="emotion-4"
    >
      wordpress
    </span>
    <span
      className="emotion-5"
    >
      php
    </span>
    <span
      className="emotion-6"
    >
      javascript
    </span>
    <span
      className="emotion-7"
    >
      google
    </span>
  </article>,
  .emotion-0 {
  margin: 0 0 16px;
  padding-bottom: 24px;
  border-bottom: 1px solid #29488510;
  max-width: 600px;
}

.emotion-1 {
  color: #294885;
  margin: 0 0 12px;
  font-family: themix;
}

.emotion-2 {
  margin: 0 0 0.6em;
}

.emotion-2 * {
  font-size: 0.8rem;
}

.emotion-3 {
  margin: 0 0 16px;
}

.emotion-4 {
  background-color: #894cc033;
  color: #444;
  font-family: themix;
  font-size: 0.8rem;
  padding: 0.2rem 0.4rem;
  border-radius: 4px;
  margin-right: 4px;
}

.emotion-5 {
  background-color: #6d52b833;
  color: #444;
  font-family: themix;
  font-size: 0.8rem;
  padding: 0.2rem 0.4rem;
  border-radius: 4px;
  margin-right: 4px;
}

.emotion-6 {
  background-color: #8b843b33;
  color: #444;
  font-family: themix;
  font-size: 0.8rem;
  padding: 0.2rem 0.4rem;
  border-radius: 4px;
  margin-right: 4px;
}

.emotion-7 {
  background-color: #6317e833;
  color: #444;
  font-family: themix;
  font-size: 0.8rem;
  padding: 0.2rem 0.4rem;
  border-radius: 4px;
  margin-right: 4px;
}

<article
    className="emotion-0"
  >
    <h2
      className="emotion-1"
    >
      <a
        href="/skaut/skautis-integration/1"
        onClick={[Function]}
      >
        User management smart table is not smart when the registration module is enabled
      </a>
    </h2>
    <p
      className="emotion-2"
    >
      <a
        href="/skaut/skautis-integration"
        onClick={[Function]}
        title="Plugin pro WordPress, který napojuje přihlašování přes skautIS na skautské weby."
      >
        WordPress plugin: SkautIS integrace
      </a>
    </p>
    <p
      className="emotion-3"
    >
      
    </p>
    <span
      className="emotion-4"
    >
      wordpress
    </span>
    <span
      className="emotion-5"
    >
      php
    </span>
    <span
      className="emotion-6"
    >
      javascript
    </span>
    <span
      className="emotion-7"
    >
      skautis
    </span>
  </article>,
  .emotion-0 {
  margin: 0 0 16px;
  padding-bottom: 24px;
  border-bottom: 1px solid #29488510;
  max-width: 600px;
}

.emotion-1 {
  color: #294885;
  margin: 0 0 12px;
  font-family: themix;
}

.emotion-2 {
  margin: 0 0 0.6em;
}

.emotion-2 * {
  font-size: 0.8rem;
}

.emotion-3 {
  margin: 0 0 16px;
}

.emotion-4 {
  background-color: #894cc033;
  color: #444;
  font-family: themix;
  font-size: 0.8rem;
  padding: 0.2rem 0.4rem;
  border-radius: 4px;
  margin-right: 4px;
}

.emotion-5 {
  background-color: #6d52b833;
  color: #444;
  font-family: themix;
  font-size: 0.8rem;
  padding: 0.2rem 0.4rem;
  border-radius: 4px;
  margin-right: 4px;
}

.emotion-6 {
  background-color: #8b843b33;
  color: #444;
  font-family: themix;
  font-size: 0.8rem;
  padding: 0.2rem 0.4rem;
  border-radius: 4px;
  margin-right: 4px;
}

.emotion-7 {
  background-color: #6317e833;
  color: #444;
  font-family: themix;
  font-size: 0.8rem;
  padding: 0.2rem 0.4rem;
  border-radius: 4px;
  margin-right: 4px;
}

<article
    className="emotion-0"
  >
    <h2
      className="emotion-1"
    >
      <a
        href="/skaut/skautis-integration/2"
        onClick={[Function]}
      >
        Chyba v zobrazení
      </a>
    </h2>
    <p
      className="emotion-2"
    >
      <a
        href="/skaut/skautis-integration"
        onClick={[Function]}
        title="Plugin pro WordPress, který napojuje přihlašování přes skautIS na skautské weby."
      >
        WordPress plugin: SkautIS integrace
      </a>
    </p>
    <p
      className="emotion-3"
    >
      ![image](https://user-images.githubusercontent.com/8988898/130583907-9aaf6288-2129-42dd-88ef-0a27b0c7ddd1.png)

    </p>
    <span
      className="emotion-4"
    >
      wordpress
    </span>
    <span
      className="emotion-5"
    >
      php
    </span>
    <span
      className="emotion-6"
    >
      javascript
    </span>
    <span
      className="emotion-7"
    >
      skautis
    </span>
  </article>,
  .emotion-0 {
  margin: 0 0 16px;
  padding-bottom: 24px;
  border-bottom: 1px solid #29488510;
  max-width: 600px;
}

.emotion-1 {
  color: #294885;
  margin: 0 0 12px;
  font-family: themix;
}

.emotion-2 {
  margin: 0 0 0.6em;
}

.emotion-2 * {
  font-size: 0.8rem;
}

.emotion-3 {
  margin: 0 0 16px;
}

.emotion-4 {
  background-color: #894cc033;
  color: #444;
  font-family: themix;
  font-size: 0.8rem;
  padding: 0.2rem 0.4rem;
  border-radius: 4px;
  margin-right: 4px;
}

.emotion-5 {
  background-color: #6d52b833;
  color: #444;
  font-family: themix;
  font-size: 0.8rem;
  padding: 0.2rem 0.4rem;
  border-radius: 4px;
  margin-right: 4px;
}

.emotion-6 {
  background-color: #8b843b33;
  color: #444;
  font-family: themix;
  font-size: 0.8rem;
  padding: 0.2rem 0.4rem;
  border-radius: 4px;
  margin-right: 4px;
}

.emotion-7 {
  background-color: #6317e833;
  color: #444;
  font-family: themix;
  font-size: 0.8rem;
  padding: 0.2rem 0.4rem;
  border-radius: 4px;
  margin-right: 4px;
}

<article
    className="emotion-0"
  >
    <h2
      className="emotion-1"
    >
      <a
        href="/skaut/skautis-integration/3"
        onClick={[Function]}
      >
        WordPress 5.x + Gutenberg
      </a>
    </h2>
    <p
      className="emotion-2"
    >
      <a
        href="/skaut/skautis-integration"
        onClick={[Function]}
        title="Plugin pro WordPress, který napojuje přihlašování přes skautIS na skautské weby."
      >
        WordPress plugin: SkautIS integrace
      </a>
    </p>
    <p
      className="emotion-3"
    >
      Musíme pořešit, jak nejlépe integrovat náš plugin s WP 5.x a hlavně Gutenbergem.

Skrývání bloků, celých stránek... atd
    </p>
    <span
      className="emotion-4"
    >
      wordpress
    </span>
    <span
      className="emotion-5"
    >
      php
    </span>
    <span
      className="emotion-6"
    >
      javascript
    </span>
    <span
      className="emotion-7"
    >
      skautis
    </span>
  </article>,
  .emotion-0 {
  margin: 0 0 16px;
  padding-bottom: 24px;
  border-bottom: 1px solid #29488510;
  max-width: 600px;
}

.emotion-1 {
  color: #294885;
  margin: 0 0 12px;
  font-family: themix;
}

.emotion-2 {
  margin: 0 0 0.6em;
}

.emotion-2 * {
  font-size: 0.8rem;
}

.emotion-3 {
  margin: 0 0 16px;
}

.emotion-4 {
  background-color: #894cc033;
  color: #444;
  font-family: themix;
  font-size: 0.8rem;
  padding: 0.2rem 0.4rem;
  border-radius: 4px;
  margin-right: 4px;
}

.emotion-5 {
  background-color: #6d52b833;
  color: #444;
  font-family: themix;
  font-size: 0.8rem;
  padding: 0.2rem 0.4rem;
  border-radius: 4px;
  margin-right: 4px;
}

.emotion-6 {
  background-color: #8b843b33;
  color: #444;
  font-family: themix;
  font-size: 0.8rem;
  padding: 0.2rem 0.4rem;
  border-radius: 4px;
  margin-right: 4px;
}

.emotion-7 {
  background-color: #6317e833;
  color: #444;
  font-family: themix;
  font-size: 0.8rem;
  padding: 0.2rem 0.4rem;
  border-radius: 4px;
  margin-right: 4px;
}

<article
    className="emotion-0"
  >
    <h2
      className="emotion-1"
    >
      <a
        href="/skaut/skautis-integration/4"
        onClick={[Function]}
      >
        Profilové fotky
      </a>
    </h2>
    <p
      className="emotion-2"
    >
      <a
        href="/skaut/skautis-integration"
        onClick={[Function]}
        title="Plugin pro WordPress, který napojuje přihlašování přes skautIS na skautské weby."
      >
        WordPress plugin: SkautIS integrace
      </a>
    </p>
    <p
      className="emotion-3"
    >
      Co do WordPressu tahat i profilové fotky, co si lidi do skautISu přidávají. Aby u profilu nějakou fotku měli...
    </p>
    <span
      className="emotion-4"
    >
      wordpress
    </span>
    <span
      className="emotion-5"
    >
      php
    </span>
    <span
      className="emotion-6"
    >
      javascript
    </span>
    <span
      className="emotion-7"
    >
      skautis
    </span>
  </article>,
  .emotion-0 {
  margin: 0 0 16px;
  padding-bottom: 24px;
  border-bottom: 1px solid #29488510;
  max-width: 600px;
}

.emotion-1 {
  color: #294885;
  margin: 0 0 12px;
  font-family: themix;
}

.emotion-2 {
  margin: 0 0 0.6em;
}

.emotion-2 * {
  font-size: 0.8rem;
}

.emotion-3 {
  margin: 0 0 16px;
}

.emotion-4 {
  background-color: #894cc033;
  color: #444;
  font-family: themix;
  font-size: 0.8rem;
  padding: 0.2rem 0.4rem;
  border-radius: 4px;
  margin-right: 4px;
}

.emotion-5 {
  background-color: #6d52b833;
  color: #444;
  font-family: themix;
  font-size: 0.8rem;
  padding: 0.2rem 0.4rem;
  border-radius: 4px;
  margin-right: 4px;
}

.emotion-6 {
  background-color: #8b843b33;
  color: #444;
  font-family: themix;
  font-size: 0.8rem;
  padding: 0.2rem 0.4rem;
  border-radius: 4px;
  margin-right: 4px;
}

.emotion-7 {
  background-color: #6317e833;
  color: #444;
  font-family: themix;
  font-size: 0.8rem;
  padding: 0.2rem 0.4rem;
  border-radius: 4px;
  margin-right: 4px;
}

<article
    className="emotion-0"
  >
    <h2
      className="emotion-1"
    >
      <a
        href="/skaut/skautis-integration/5"
        onClick={[Function]}
      >
        Výběry pravidel v shortcode
      </a>
    </h2>
    <p
      className="emotion-2"
    >
      <a
        href="/skaut/skautis-integration"
        onClick={[Function]}
        title="Plugin pro WordPress, který napojuje přihlašování přes skautIS na skautské weby."
      >
        WordPress plugin: SkautIS integrace
      </a>
    </p>
    <p
      className="emotion-3"
    >
      Přidat Select2 do výběru pravidel v shortcode.
    </p>
    <span
      className="emotion-4"
    >
      wordpress
    </span>
    <span
      className="emotion-5"
    >
      php
    </span>
    <span
      className="emotion-6"
    >
      javascript
    </span>
    <span
      className="emotion-7"
    >
      skautis
    </span>
  </article>,
  .emotion-0 {
  margin: 0 0 16px;
  padding-bottom: 24px;
  border-bottom: 1px solid #29488510;
  max-width: 600px;
}

.emotion-1 {
  color: #294885;
  margin: 0 0 12px;
  font-family: themix;
}

.emotion-2 {
  margin: 0 0 0.6em;
}

.emotion-2 * {
  font-size: 0.8rem;
}

.emotion-3 {
  margin: 0 0 16px;
}

.emotion-4 {
  background-color: #894cc033;
  color: #444;
  font-family: themix;
  font-size: 0.8rem;
  padding: 0.2rem 0.4rem;
  border-radius: 4px;
  margin-right: 4px;
}

.emotion-5 {
  background-color: #6d52b833;
  color: #444;
  font-family: themix;
  font-size: 0.8rem;
  padding: 0.2rem 0.4rem;
  border-radius: 4px;
  margin-right: 4px;
}

.emotion-6 {
  background-color: #8b843b33;
  color: #444;
  font-family: themix;
  font-size: 0.8rem;
  padding: 0.2rem 0.4rem;
  border-radius: 4px;
  margin-right: 4px;
}

.emotion-7 {
  background-color: #6317e833;
  color: #444;
  font-family: themix;
  font-size: 0.8rem;
  padding: 0.2rem 0.4rem;
  border-radius: 4px;
  margin-right: 4px;
}

<article
    className="emotion-0"
  >
    <h2
      className="emotion-1"
    >
      <a
        href="/skaut/skautis-integration/6"
        onClick={[Function]}
      >
        Modul "Nábory"
      </a>
    </h2>
    <p
      className="emotion-2"
    >
      <a
        href="/skaut/skautis-integration"
        onClick={[Function]}
        title="Plugin pro WordPress, který napojuje přihlašování přes skautIS na skautské weby."
      >
        WordPress plugin: SkautIS integrace
      </a>
    </p>
    <p
      className="emotion-3"
    >
      modul pro nábory se zobrazením náborové mapy
příklad: http://is.skaut.cz/napoveda/programatori.Hotove-reseni-MapAdvertising-Interaktivni-mapa-naborovych-informaci-zakladni.ashx

Otevírám k tomu diskuzi...
    </p>
    <span
      className="emotion-4"
    >
      wordpress
    </span>
    <span
      className="emotion-5"
    >
      php
    </span>
    <span
      className="emotion-6"
    >
      javascript
    </span>
    <span
      className="emotion-7"
    >
      skautis
    </span>
  </article>,
]
`;
