// Jest Snapshot v1, https://goo.gl/fbAQLP

exports[`App should renders correctly 1`] = `
<div>
  Načítají se data webu.
</div>
`;
