// Jest Snapshot v1, https://goo.gl/fbAQLP

exports[`ProjectLinks component should render correctly 1`] = `
Array [
  .emotion-0 {
  margin: 0 0 16px;
}

.emotion-0 img {
  max-width: 100%;
}

.emotion-1 {
  display: -webkit-box;
  display: -webkit-flex;
  display: -ms-flexbox;
  display: flex;
  -webkit-align-items: center;
  -webkit-box-align: center;
  -ms-flex-align: center;
  align-items: center;
  color: #999;
  font-size: 0.8em;
}

.emotion-1 svg {
  margin-right: 0.2em;
}

.emotion-2 a {
  display: block;
  font-size: 0.9em;
  white-space: nowrap;
  overflow: hidden;
  text-overflow: ellipsis;
}

.emotion-3 {
  display: -webkit-inline-box;
  display: -webkit-inline-flex;
  display: -ms-inline-flexbox;
  display: inline-flex;
  -webkit-align-items: center;
  -webkit-box-align: center;
  -ms-flex-align: center;
  align-items: center;
}

<p
    className="emotion-0"
  >
    <span
      className="emotion-1"
    >
      <svg
        fill="currentColor"
        height="1em"
        stroke="currentColor"
        strokeWidth="0"
        style={
          Object {
            "color": undefined,
          }
        }
        viewBox="0 0 16 16"
        width="1em"
        xmlns="http://www.w3.org/2000/svg"
      >
        <path
          d="M3 14s-1 0-1-1 1-4 6-4 6 3 6 4-1 1-1 1H3Zm5-6a3 3 0 1 0 0-6 3 3 0 0 0 0 6Z"
        />
      </svg>
       
      Správce:
    </span>
    <span
      className="emotion-2"
    >
      <a
        className="emotion-3"
        href="mailto:mlha@skaut.cz"
        rel="noreferrer noopener"
        target="_blank"
      >
        Marek Dědič – Mlha
      </a>
    </span>
  </p>,
  .emotion-0 {
  margin: 0 0 16px;
}

.emotion-0 img {
  max-width: 100%;
}

.emotion-1 {
  display: -webkit-box;
  display: -webkit-flex;
  display: -ms-flexbox;
  display: flex;
  -webkit-align-items: center;
  -webkit-box-align: center;
  -ms-flex-align: center;
  align-items: center;
  color: #999;
  font-size: 0.8em;
}

.emotion-1 svg {
  margin-right: 0.2em;
}

.emotion-2 a {
  display: block;
  font-size: 0.9em;
  white-space: nowrap;
  overflow: hidden;
  text-overflow: ellipsis;
}

.emotion-3 {
  display: -webkit-inline-box;
  display: -webkit-inline-flex;
  display: -ms-inline-flexbox;
  display: inline-flex;
  -webkit-align-items: center;
  -webkit-box-align: center;
  -ms-flex-align: center;
  align-items: center;
}

<p
    className="emotion-0"
  >
    <span
      className="emotion-1"
    >
      <svg
        fill="currentColor"
        height="1em"
        stroke="currentColor"
        strokeWidth="0"
        style={
          Object {
            "color": undefined,
          }
        }
        viewBox="0 0 24 24"
        width="1em"
        xmlns="http://www.w3.org/2000/svg"
      >
        <path
          d="M23,20 L23,6 L12,15 L1,6 L1,20 L23,20 Z M12,12 L22,4 L2,4 L12,12 Z"
          fillRule="evenodd"
        />
      </svg>
       
      E-mail
      :
    </span>
    <span
      className="emotion-2"
    >
      <a
        className="emotion-3"
        href="mailto:mlha@skaut.cz"
        rel="noreferrer noopener"
        target="_blank"
      >
        mlha@skaut.cz
      </a>
    </span>
  </p>,
  .emotion-0 {
  margin: 0 0 16px;
}

.emotion-0 img {
  max-width: 100%;
}

.emotion-1 {
  display: -webkit-box;
  display: -webkit-flex;
  display: -ms-flexbox;
  display: flex;
  -webkit-align-items: center;
  -webkit-box-align: center;
  -ms-flex-align: center;
  align-items: center;
  color: #999;
  font-size: 0.8em;
}

.emotion-1 svg {
  margin-right: 0.2em;
}

.emotion-2 a {
  display: block;
  font-size: 0.9em;
  white-space: nowrap;
  overflow: hidden;
  text-overflow: ellipsis;
}

.emotion-3 {
  display: -webkit-inline-box;
  display: -webkit-inline-flex;
  display: -ms-inline-flexbox;
  display: inline-flex;
  -webkit-align-items: center;
  -webkit-box-align: center;
  -ms-flex-align: center;
  align-items: center;
}

<p
    className="emotion-0"
  >
    <span
      className="emotion-1"
    >
      <svg
        fill="currentColor"
        height="1em"
        stroke="currentColor"
        strokeWidth="0"
        style={
          Object {
            "color": undefined,
          }
        }
        viewBox="0 0 24 24"
        width="1em"
        xmlns="http://www.w3.org/2000/svg"
      >
        <path
          d="M0 0h24v24H0z"
          fill="none"
        />
        <path
          d="M19 4H5a2 2 0 00-2 2v12a2 2 0 002 2h14c1.1 0 2-.9 2-2V6a2 2 0 00-2-2zm0 14H5V8h14v10z"
        />
      </svg>
       
      Demo
      :
    </span>
    <span
      className="emotion-2"
    >
      <a
        className="emotion-3"
        href="https://demo-skaut-google-drive-gallery.skauting.cz/"
        rel="noreferrer noopener"
        target="_blank"
      >
        demo-skaut-google-drive-gallery.skauting.cz/
      </a>
    </span>
  </p>,
  .emotion-0 {
  margin: 0 0 16px;
}

.emotion-0 img {
  max-width: 100%;
}

.emotion-1 {
  display: -webkit-box;
  display: -webkit-flex;
  display: -ms-flexbox;
  display: flex;
  -webkit-align-items: center;
  -webkit-box-align: center;
  -ms-flex-align: center;
  align-items: center;
  color: #999;
  font-size: 0.8em;
}

.emotion-1 svg {
  margin-right: 0.2em;
}

.emotion-2 a {
  display: block;
  font-size: 0.9em;
  white-space: nowrap;
  overflow: hidden;
  text-overflow: ellipsis;
}

.emotion-3 {
  display: -webkit-inline-box;
  display: -webkit-inline-flex;
  display: -ms-inline-flexbox;
  display: inline-flex;
  -webkit-align-items: center;
  -webkit-box-align: center;
  -ms-flex-align: center;
  align-items: center;
}

<p
    className="emotion-0"
  >
    <span
      className="emotion-1"
    >
      <svg
        aria-hidden="true"
        fill="none"
        height="1em"
        stroke="currentColor"
        strokeWidth="2"
        style={
          Object {
            "color": undefined,
          }
        }
        viewBox="0 0 24 24"
        width="1em"
        xmlns="http://www.w3.org/2000/svg"
      >
        <path
          d="M9 12h6m-6 4h6m2 5H7a2 2 0 01-2-2V5a2 2 0 012-2h5.586a1 1 0 01.707.293l5.414 5.414a1 1 0 01.293.707V19a2 2 0 01-2 2z"
          strokeLinecap="round"
          strokeLinejoin="round"
        />
      </svg>
       
      Dokumentace
      :
    </span>
    <span
      className="emotion-2"
    >
      <a
        className="emotion-3"
        href="https://napoveda.skaut.cz/dobryweb/cs-skaut-google-drive-gallery"
        rel="noreferrer noopener"
        target="_blank"
      >
        napoveda.skaut.cz/dobryweb/cs-skaut-google-drive-gallery
      </a>
    </span>
  </p>,
  .emotion-0 {
  margin: 0 0 16px;
}

.emotion-0 img {
  max-width: 100%;
}

.emotion-1 {
  display: -webkit-box;
  display: -webkit-flex;
  display: -ms-flexbox;
  display: flex;
  -webkit-align-items: center;
  -webkit-box-align: center;
  -ms-flex-align: center;
  align-items: center;
  color: #999;
  font-size: 0.8em;
}

.emotion-1 svg {
  margin-right: 0.2em;
}

.emotion-2 a {
  display: block;
  font-size: 0.9em;
  white-space: nowrap;
  overflow: hidden;
  text-overflow: ellipsis;
}

.emotion-3 {
  display: -webkit-inline-box;
  display: -webkit-inline-flex;
  display: -ms-inline-flexbox;
  display: inline-flex;
  -webkit-align-items: center;
  -webkit-box-align: center;
  -ms-flex-align: center;
  align-items: center;
}

<p
    className="emotion-0"
  >
    <span
      className="emotion-1"
    >
      <svg
        fill="currentColor"
        height="1em"
        stroke="currentColor"
        strokeWidth="0"
        style={
          Object {
            "color": undefined,
          }
        }
        viewBox="0 0 1024 1024"
        width="1em"
        xmlns="http://www.w3.org/2000/svg"
      >
        <path
          d="M511.6 76.3C264.3 76.2 64 276.4 64 523.5 64 718.9 189.3 885 363.8 946c23.5 5.9 19.9-10.8 19.9-22.2v-77.5c-135.7 15.9-141.2-73.9-150.3-88.9C215 726 171.5 718 184.5 703c30.9-15.9 62.4 4 98.9 57.9 26.4 39.1 77.9 32.5 104 26 5.7-23.5 17.9-44.5 34.7-60.8-140.6-25.2-199.2-111-199.2-213 0-49.5 16.3-95 48.3-131.7-20.4-60.5 1.9-112.3 4.9-120 58.1-5.2 118.5 41.6 123.2 45.3 33-8.9 70.7-13.6 112.9-13.6 42.4 0 80.2 4.9 113.5 13.9 11.3-8.6 67.3-48.8 121.3-43.9 2.9 7.7 24.7 58.3 5.5 118 32.4 36.8 48.9 82.7 48.9 132.3 0 102.2-59 188.1-200 212.9a127.5 127.5 0 0 1 38.1 91v112.5c.8 9 0 17.9 15 17.9 177.1-59.7 304.6-227 304.6-424.1 0-247.2-200.4-447.3-447.5-447.3z"
        />
      </svg>
       
      Repozitář
      :
    </span>
    <span
      className="emotion-2"
    >
      <a
        className="emotion-3"
        href="https://github.com/skaut/skaut-google-drive-gallery"
        rel="noreferrer noopener"
        target="_blank"
      >
        github.com/skaut/skaut-google-drive-gallery
      </a>
    </span>
  </p>,
  .emotion-0 {
  margin: 0 0 16px;
}

.emotion-0 img {
  max-width: 100%;
}

.emotion-1 {
  display: -webkit-box;
  display: -webkit-flex;
  display: -ms-flexbox;
  display: flex;
  -webkit-align-items: center;
  -webkit-box-align: center;
  -ms-flex-align: center;
  align-items: center;
  color: #999;
  font-size: 0.8em;
}

.emotion-1 svg {
  margin-right: 0.2em;
}

.emotion-2 a {
  display: block;
  font-size: 0.9em;
  white-space: nowrap;
  overflow: hidden;
  text-overflow: ellipsis;
}

.emotion-3 {
  display: -webkit-inline-box;
  display: -webkit-inline-flex;
  display: -ms-inline-flexbox;
  display: inline-flex;
  -webkit-align-items: center;
  -webkit-box-align: center;
  -ms-flex-align: center;
  align-items: center;
}

<p
    className="emotion-0"
  >
    <span
      className="emotion-1"
    >
      <svg
        fill="currentColor"
        height="1em"
        stroke="currentColor"
        strokeWidth="0"
        style={
          Object {
            "color": undefined,
          }
        }
        version="1.1"
        viewBox="0 0 16 16"
        width="1em"
        xmlns="http://www.w3.org/2000/svg"
      >
        <path
          d="M8 0c-4.418 0-8 3.582-8 8s3.582 8 8 8 8-3.582 8-8-3.582-8-8-8zM8 15c-0.984 0-1.92-0.203-2.769-0.57l3.643-4.098c0.081-0.092 0.126-0.21 0.126-0.332v-1.5c0-0.276-0.224-0.5-0.5-0.5-1.765 0-3.628-1.835-3.646-1.854-0.094-0.094-0.221-0.146-0.354-0.146h-2c-0.276 0-0.5 0.224-0.5 0.5v3c0 0.189 0.107 0.363 0.276 0.447l1.724 0.862v2.936c-1.813-1.265-3-3.366-3-5.745 0-1.074 0.242-2.091 0.674-3h1.826c0.133 0 0.26-0.053 0.354-0.146l2-2c0.094-0.094 0.146-0.221 0.146-0.354v-1.21c0.634-0.189 1.305-0.29 2-0.29 1.1 0 2.141 0.254 3.067 0.706-0.065 0.055-0.128 0.112-0.188 0.172-0.567 0.567-0.879 1.32-0.879 2.121s0.312 1.555 0.879 2.121c0.569 0.569 1.332 0.879 2.119 0.879 0.049 0 0.099-0.001 0.149-0.004 0.216 0.809 0.605 2.917-0.131 5.818-0.007 0.027-0.011 0.055-0.013 0.082-1.271 1.298-3.042 2.104-5.002 2.104z"
        />
      </svg>
       
      Web
      :
    </span>
    <span
      className="emotion-2"
    >
      <a
        className="emotion-3"
        href="https://wordpress.org/plugins/skaut-google-drive-gallery/"
        rel="noreferrer noopener"
        target="_blank"
      >
        wordpress.org/plugins/skaut-google-drive-gallery/
      </a>
    </span>
  </p>,
  .emotion-0 {
  margin: 0 0 16px;
}

.emotion-0 img {
  max-width: 100%;
}

.emotion-1 {
  display: -webkit-box;
  display: -webkit-flex;
  display: -ms-flexbox;
  display: flex;
  -webkit-align-items: center;
  -webkit-box-align: center;
  -ms-flex-align: center;
  align-items: center;
  color: #999;
  font-size: 0.8em;
}

.emotion-1 svg {
  margin-right: 0.2em;
}

.emotion-2 a {
  display: block;
  font-size: 0.9em;
  white-space: nowrap;
  overflow: hidden;
  text-overflow: ellipsis;
}

.emotion-3 {
  display: -webkit-inline-box;
  display: -webkit-inline-flex;
  display: -ms-inline-flexbox;
  display: inline-flex;
  -webkit-align-items: center;
  -webkit-box-align: center;
  -ms-flex-align: center;
  align-items: center;
}

<p
    className="emotion-0"
  >
    <span
      className="emotion-1"
    >
      <svg
        fill="currentColor"
        height="1em"
        stroke="currentColor"
        strokeWidth="0"
        style={
          Object {
            "color": undefined,
          }
        }
        viewBox="0 0 24 24"
        width="1em"
        xmlns="http://www.w3.org/2000/svg"
      >
        <path
          d="M0 0h24v24H0z"
          fill="none"
        />
        <path
          d="M22 7h-9v2h9V7zm0 8h-9v2h9v-2zM5.54 11L2 7.46l1.41-1.41 2.12 2.12 4.24-4.24 1.41 1.41L5.54 11zm0 8L2 15.46l1.41-1.41 2.12 2.12 4.24-4.24 1.41 1.41L5.54 19z"
        />
      </svg>
       
      Issue tracker
      :
    </span>
    <span
      className="emotion-2"
    >
      <a
        className="emotion-3"
        href="https://github.com/skaut/skaut-google-drive-gallery/issues"
        rel="noreferrer noopener"
        target="_blank"
      >
        github.com/skaut/skaut-google-drive-gallery/issues
      </a>
    </span>
  </p>,
]
`;
